// Jest Snapshot v1, https://goo.gl/fbAQLP

exports[`snapshots are awesome 1`] = `
<input
  autoFocus="true"
  className=""
  onBlur={[Function]}
  onChange={[Function]}
  onKeyDown={[Function]}
  type="text"
  value=""
/>
`;
